C51 COMPILER V7.20   WEBSERVER                                                             09/04/2024 11:35:25 PAGE 1   


C51 COMPILER V7.20, COMPILATION OF MODULE WEBSERVER
OBJECT MODULE PLACED IN webServer.OBJ
COMPILER INVOKED BY: C:\Keil\C51\BIN\C51.EXE webServer.c BROWSE DEBUG OBJECTEXTEND TABS(10)

line level    source

   1          // Servidor WEB com uC 8051
   2          
   3          #include <reg52.h>
   4          #include <stdio.h>
   5          #include <string.h>
   6          
   7          #define STX 0xAA
   8          #define ETX 0xA5
   9          
  10          void main(void){
  11   1        unsigned int contstx;
  12   1        char buffer[32];  // vai ficar aqui os bytes recebidos
  13   1        char i;
  14   1        unsigned int cont_timeout = 0;
  15   1      
  16   1        TMOD = 0x20;
  17   1        SCON = 0x52;
  18   1        TH1 = (256-13);
  19   1        PCON |= 0x80; // SMOD = 1
  20   1        TR1 = 1;
  21   1        while(1) {
  22   2          cont_timeout = 0; i= 0; contstx = 0;
  23   2          while(1) {
  24   3            if (RI == 1) {
  25   4              RI = 0;
  26   4              buffer[i] = SBUF;
  27   4              cont_timeout = 0;
  28   4              i++;
  29   4              if (i>=32) i = 31;
  30   4            } else {
  31   4              cont_timeout++;
  32   4              if (cont_timeout >= 200) {
  33   5                if (i >= 5) break;
  34   5              }
  35   4              contstx++;
  36   4              if (contstx >= 65530) {
  37   5                contstx = 0;
  38   5                printf("%c",STX);  // 4s
  39   5              }
  40   4            }     
  41   3          }
  42   2          if(strncmp(buffer,"GET /",5)==0){
  43   3            printf("HTTP/1.1 200 OK\n\n");
  44   3            printf("<!DOCTYPE html>");
  45   3            printf("<html>");
  46   3            printf("<head>");
  47   3            printf("<title>Aplicação SMP</title>");
  48   3            printf("</head>");
  49   3            printf("<body>");
  50   3            printf("<h1>CONTROLE DE LÂMPADAS</h1>");
  51   3            printf("<p>Bem vindo ao HTML</p>");
  52   3            printf("</body>");
  53   3            printf("</html> ");
  54   3            printf("%c%c%c",ETX,ETX,ETX);
  55   3          }  
C51 COMPILER V7.20   WEBSERVER                                                             09/04/2024 11:35:25 PAGE 2   

  56   2        }
  57   1      }


MODULE INFORMATION:   STATIC OVERLAYABLE
   CODE SIZE        =    283    ----
   CONSTANT SIZE    =    180    ----
   XDATA SIZE       =   ----    ----
   PDATA SIZE       =   ----    ----
   DATA SIZE        =   ----      37
   IDATA SIZE       =   ----    ----
   BIT SIZE         =   ----    ----
END OF MODULE INFORMATION.


C51 COMPILATION COMPLETE.  0 WARNING(S),  0 ERROR(S)
