C51 COMPILER V7.20   ESCALONAMENTO_TASK                                                    11/20/2024 19:54:04 PAGE 1   


C51 COMPILER V7.20, COMPILATION OF MODULE ESCALONAMENTO_TASK
OBJECT MODULE PLACED IN escalonamento_task.OBJ
COMPILER INVOKED BY: C:\Keil\C51\BIN\C51.EXE escalonamento_task.c BROWSE DEBUG OBJECTEXTEND

line level    source

   1          /*SOLOPLAY */
   2          #include <reg52.h>
   3          
   4          #include "flecha_bmp.c"
   5          #include "C:\Users\rudah\Downloads\diditale-main\sll.h"
   6          
   7          
   8          int x1,x2,x3,y1,y2,y3;
   9          char estado1,estado2,estado3;
  10          
  11          void task1(void){
  12   1              
  13   1          printbmp(x1,y1, flecha);
  14   1          switch(estado1){
  15   2                              
  16   2                case 3:
  17   2                  x1--;
  18   2                  y1--;
  19   2                  if(x1<=0){
  20   3                    estado1 = 2;
  21   3                  }
  22   2                  if(y1 <=0){
  23   3                    if(estado1 == 2){
  24   4                            estado1 = 0;
  25   4                        } 
  26   3                          else{
  27   4                            estado1 = 1;
  28   4                          }
  29   3                  }
  30   2                  break;
  31   2                              
  32   2                  case 2:
  33   2                    x1++;
  34   2                    y1--;
  35   2                        if(x1>=(240-21)){
  36   3                          estado1 = 3;
  37   3                        }
  38   2                              if(y1 <=0){
  39   3                                if(estado1 ==3){
  40   4                                        estado1 = 1;
  41   4                                      }
  42   3                                else{
  43   4                                  estado1 = 0;
  44   4                                }
  45   3                  }
  46   2                  break;
  47   2                                              
  48   2                  case 0:
  49   2                          x1++;
  50   2                          y1++;
  51   2                              if(x1>=(240-21)){
  52   3                                estado1 = 1;
  53   3                              }
  54   2                              if(y1 > (128-21)){
  55   3                                if(estado1 == 1){
C51 COMPILER V7.20   ESCALONAMENTO_TASK                                                    11/20/2024 19:54:04 PAGE 2   

  56   4                                        estado1 = 3;
  57   4                                      }
  58   3                              
  59   3                                else{
  60   4                                  estado1 = 2;
  61   4                                }
  62   3                              }
  63   2                              break;
  64   2                              
  65   2                        case 1:
  66   2                          x1--;
  67   2                          y1++;
  68   2                              if(x1 <= 0){
  69   3                                estado1 = 0;
  70   3                              }
  71   2                              if(y1 >= 128-21){
  72   3                                if(estado1 == 0){
  73   4                                        estado1 = 2;
  74   4                                      }
  75   3                                else{
  76   4                                  estado1 = 3;
  77   4                                }
  78   3                              }
  79   2                              
  80   2          }
  81   1      }


MODULE INFORMATION:   STATIC OVERLAYABLE
   CODE SIZE        =    261    ----
   CONSTANT SIZE    =   3030    ----
   XDATA SIZE       =   ----    ----
   PDATA SIZE       =   ----    ----
   DATA SIZE        =     15    ----
   IDATA SIZE       =   ----    ----
   BIT SIZE         =   ----    ----
END OF MODULE INFORMATION.


C51 COMPILATION COMPLETE.  0 WARNING(S),  0 ERROR(S)
